<?xml version="1.0" encoding="ISO-8859-1" ?>
<link_info>
   <banner>MSP430 Linker PC v18.1.5.LTS</banner>
   <copyright>Copyright (c) 2003-2018 Texas Instruments Incorporated</copyright>
   <link_time>0x5d23658d</link_time>
   <link_errors>0x0</link_errors>
   <output_file>Sample Code.out</output_file>
   <entry_point>
      <name>_c_int00_noargs</name>
      <address>0xd670</address>
   </entry_point>
   <input_file_list>
      <input_file id="fl-2">
         <path>.\</path>
         <kind>object</kind>
         <file>hal_LCD.obj</file>
         <name>hal_LCD.obj</name>
      </input_file>
      <input_file id="fl-3">
         <path>.\</path>
         <kind>object</kind>
         <file>main.obj</file>
         <name>main.obj</name>
      </input_file>
      <input_file id="fl-4">
         <path>.\driverlib\MSP430FR2xx_4xx\</path>
         <kind>object</kind>
         <file>adc.obj</file>
         <name>adc.obj</name>
      </input_file>
      <input_file id="fl-5">
         <path>.\driverlib\MSP430FR2xx_4xx\</path>
         <kind>object</kind>
         <file>crc.obj</file>
         <name>crc.obj</name>
      </input_file>
      <input_file id="fl-6">
         <path>.\driverlib\MSP430FR2xx_4xx\</path>
         <kind>object</kind>
         <file>cs.obj</file>
         <name>cs.obj</name>
      </input_file>
      <input_file id="fl-7">
         <path>.\driverlib\MSP430FR2xx_4xx\</path>
         <kind>object</kind>
         <file>ecomp.obj</file>
         <name>ecomp.obj</name>
      </input_file>
      <input_file id="fl-8">
         <path>.\driverlib\MSP430FR2xx_4xx\</path>
         <kind>object</kind>
         <file>eusci_a_spi.obj</file>
         <name>eusci_a_spi.obj</name>
      </input_file>
      <input_file id="fl-9">
         <path>.\driverlib\MSP430FR2xx_4xx\</path>
         <kind>object</kind>
         <file>eusci_a_uart.obj</file>
         <name>eusci_a_uart.obj</name>
      </input_file>
      <input_file id="fl-a">
         <path>.\driverlib\MSP430FR2xx_4xx\</path>
         <kind>object</kind>
         <file>eusci_b_i2c.obj</file>
         <name>eusci_b_i2c.obj</name>
      </input_file>
      <input_file id="fl-b">
         <path>.\driverlib\MSP430FR2xx_4xx\</path>
         <kind>object</kind>
         <file>eusci_b_spi.obj</file>
         <name>eusci_b_spi.obj</name>
      </input_file>
      <input_file id="fl-c">
         <path>.\driverlib\MSP430FR2xx_4xx\</path>
         <kind>object</kind>
         <file>framctl.obj</file>
         <name>framctl.obj</name>
      </input_file>
      <input_file id="fl-d">
         <path>.\driverlib\MSP430FR2xx_4xx\</path>
         <kind>object</kind>
         <file>gpio.obj</file>
         <name>gpio.obj</name>
      </input_file>
      <input_file id="fl-e">
         <path>.\driverlib\MSP430FR2xx_4xx\</path>
         <kind>object</kind>
         <file>icc.obj</file>
         <name>icc.obj</name>
      </input_file>
      <input_file id="fl-f">
         <path>.\driverlib\MSP430FR2xx_4xx\</path>
         <kind>object</kind>
         <file>lcd_e.obj</file>
         <name>lcd_e.obj</name>
      </input_file>
      <input_file id="fl-10">
         <path>.\driverlib\MSP430FR2xx_4xx\</path>
         <kind>object</kind>
         <file>mpy32.obj</file>
         <name>mpy32.obj</name>
      </input_file>
      <input_file id="fl-11">
         <path>.\driverlib\MSP430FR2xx_4xx\</path>
         <kind>object</kind>
         <file>pmm.obj</file>
         <name>pmm.obj</name>
      </input_file>
      <input_file id="fl-12">
         <path>.\driverlib\MSP430FR2xx_4xx\</path>
         <kind>object</kind>
         <file>rtc.obj</file>
         <name>rtc.obj</name>
      </input_file>
      <input_file id="fl-13">
         <path>.\driverlib\MSP430FR2xx_4xx\</path>
         <kind>object</kind>
         <file>sac.obj</file>
         <name>sac.obj</name>
      </input_file>
      <input_file id="fl-14">
         <path>.\driverlib\MSP430FR2xx_4xx\</path>
         <kind>object</kind>
         <file>sfr.obj</file>
         <name>sfr.obj</name>
      </input_file>
      <input_file id="fl-15">
         <path>.\driverlib\MSP430FR2xx_4xx\</path>
         <kind>object</kind>
         <file>sysctl.obj</file>
         <name>sysctl.obj</name>
      </input_file>
      <input_file id="fl-16">
         <path>.\driverlib\MSP430FR2xx_4xx\</path>
         <kind>object</kind>
         <file>tia.obj</file>
         <name>tia.obj</name>
      </input_file>
      <input_file id="fl-17">
         <path>.\driverlib\MSP430FR2xx_4xx\</path>
         <kind>object</kind>
         <file>timer_a.obj</file>
         <name>timer_a.obj</name>
      </input_file>
      <input_file id="fl-18">
         <path>.\driverlib\MSP430FR2xx_4xx\</path>
         <kind>object</kind>
         <file>timer_b.obj</file>
         <name>timer_b.obj</name>
      </input_file>
      <input_file id="fl-19">
         <path>.\driverlib\MSP430FR2xx_4xx\</path>
         <kind>object</kind>
         <file>tlv.obj</file>
         <name>tlv.obj</name>
      </input_file>
      <input_file id="fl-1a">
         <path>.\driverlib\MSP430FR2xx_4xx\</path>
         <kind>object</kind>
         <file>wdt_a.obj</file>
         <name>wdt_a.obj</name>
      </input_file>
      <input_file id="fl-1f">
         <kind>object</kind>
         <file>&lt;internal&gt;</file>
         <name>&lt;internal&gt;</name>
      </input_file>
      <input_file id="fl-35">
         <path>C:\ti\ccsv8\tools\compiler\ti-cgt-msp430_18.1.5.LTS\lib\</path>
         <kind>archive</kind>
         <file>rts430x_lc_rd_eabi.lib</file>
         <name>div16s.asm.obj</name>
      </input_file>
      <input_file id="fl-36">
         <path>C:\ti\ccsv8\tools\compiler\ti-cgt-msp430_18.1.5.LTS\lib\</path>
         <kind>archive</kind>
         <file>rts430x_lc_rd_eabi.lib</file>
         <name>div16u.asm.obj</name>
      </input_file>
      <input_file id="fl-37">
         <path>C:\ti\ccsv8\tools\compiler\ti-cgt-msp430_18.1.5.LTS\lib\</path>
         <kind>archive</kind>
         <file>rts430x_lc_rd_eabi.lib</file>
         <name>div32s.asm.obj</name>
      </input_file>
      <input_file id="fl-38">
         <path>C:\ti\ccsv8\tools\compiler\ti-cgt-msp430_18.1.5.LTS\lib\</path>
         <kind>archive</kind>
         <file>rts430x_lc_rd_eabi.lib</file>
         <name>div32u.asm.obj</name>
      </input_file>
      <input_file id="fl-39">
         <path>C:\ti\ccsv8\tools\compiler\ti-cgt-msp430_18.1.5.LTS\lib\</path>
         <kind>archive</kind>
         <file>rts430x_lc_rd_eabi.lib</file>
         <name>fs_div.asm.obj</name>
      </input_file>
      <input_file id="fl-3a">
         <path>C:\ti\ccsv8\tools\compiler\ti-cgt-msp430_18.1.5.LTS\lib\</path>
         <kind>archive</kind>
         <file>rts430x_lc_rd_eabi.lib</file>
         <name>fs_itof.asm.obj</name>
      </input_file>
      <input_file id="fl-3b">
         <path>C:\ti\ccsv8\tools\compiler\ti-cgt-msp430_18.1.5.LTS\lib\</path>
         <kind>archive</kind>
         <file>rts430x_lc_rd_eabi.lib</file>
         <name>fs_toi.asm.obj</name>
      </input_file>
      <input_file id="fl-3c">
         <path>C:\ti\ccsv8\tools\compiler\ti-cgt-msp430_18.1.5.LTS\lib\</path>
         <kind>archive</kind>
         <file>rts430x_lc_rd_eabi.lib</file>
         <name>int45.asm.obj</name>
      </input_file>
      <input_file id="fl-3d">
         <path>C:\ti\ccsv8\tools\compiler\ti-cgt-msp430_18.1.5.LTS\lib\</path>
         <kind>archive</kind>
         <file>rts430x_lc_rd_eabi.lib</file>
         <name>int47.asm.obj</name>
      </input_file>
      <input_file id="fl-3e">
         <path>C:\ti\ccsv8\tools\compiler\ti-cgt-msp430_18.1.5.LTS\lib\</path>
         <kind>archive</kind>
         <file>rts430x_lc_rd_eabi.lib</file>
         <name>int49.asm.obj</name>
      </input_file>
      <input_file id="fl-3f">
         <path>C:\ti\ccsv8\tools\compiler\ti-cgt-msp430_18.1.5.LTS\lib\</path>
         <kind>archive</kind>
         <file>rts430x_lc_rd_eabi.lib</file>
         <name>int51.asm.obj</name>
      </input_file>
      <input_file id="fl-40">
         <path>C:\ti\ccsv8\tools\compiler\ti-cgt-msp430_18.1.5.LTS\lib\</path>
         <kind>archive</kind>
         <file>rts430x_lc_rd_eabi.lib</file>
         <name>int52.asm.obj</name>
      </input_file>
      <input_file id="fl-41">
         <path>C:\ti\ccsv8\tools\compiler\ti-cgt-msp430_18.1.5.LTS\lib\</path>
         <kind>archive</kind>
         <file>rts430x_lc_rd_eabi.lib</file>
         <name>int53.asm.obj</name>
      </input_file>
      <input_file id="fl-42">
         <path>C:\ti\ccsv8\tools\compiler\ti-cgt-msp430_18.1.5.LTS\lib\</path>
         <kind>archive</kind>
         <file>rts430x_lc_rd_eabi.lib</file>
         <name>int54.asm.obj</name>
      </input_file>
      <input_file id="fl-43">
         <path>C:\ti\ccsv8\tools\compiler\ti-cgt-msp430_18.1.5.LTS\lib\</path>
         <kind>archive</kind>
         <file>rts430x_lc_rd_eabi.lib</file>
         <name>int55.asm.obj</name>
      </input_file>
      <input_file id="fl-44">
         <path>C:\ti\ccsv8\tools\compiler\ti-cgt-msp430_18.1.5.LTS\lib\</path>
         <kind>archive</kind>
         <file>rts430x_lc_rd_eabi.lib</file>
         <name>int56.asm.obj</name>
      </input_file>
      <input_file id="fl-45">
         <path>C:\ti\ccsv8\tools\compiler\ti-cgt-msp430_18.1.5.LTS\lib\</path>
         <kind>archive</kind>
         <file>rts430x_lc_rd_eabi.lib</file>
         <name>int57.asm.obj</name>
      </input_file>
      <input_file id="fl-46">
         <path>C:\ti\ccsv8\tools\compiler\ti-cgt-msp430_18.1.5.LTS\lib\</path>
         <kind>archive</kind>
         <file>rts430x_lc_rd_eabi.lib</file>
         <name>int58.asm.obj</name>
      </input_file>
      <input_file id="fl-47">
         <path>C:\ti\ccsv8\tools\compiler\ti-cgt-msp430_18.1.5.LTS\lib\</path>
         <kind>archive</kind>
         <file>rts430x_lc_rd_eabi.lib</file>
         <name>isr_trap.asm.obj</name>
      </input_file>
      <input_file id="fl-48">
         <path>C:\ti\ccsv8\tools\compiler\ti-cgt-msp430_18.1.5.LTS\lib\</path>
         <kind>archive</kind>
         <file>rts430x_lc_rd_eabi.lib</file>
         <name>lsl16.asm.obj</name>
      </input_file>
      <input_file id="fl-49">
         <path>C:\ti\ccsv8\tools\compiler\ti-cgt-msp430_18.1.5.LTS\lib\</path>
         <kind>archive</kind>
         <file>rts430x_lc_rd_eabi.lib</file>
         <name>lsr16.asm.obj</name>
      </input_file>
      <input_file id="fl-4a">
         <path>C:\ti\ccsv8\tools\compiler\ti-cgt-msp430_18.1.5.LTS\lib\</path>
         <kind>archive</kind>
         <file>rts430x_lc_rd_eabi.lib</file>
         <name>mult32.asm.obj</name>
      </input_file>
      <input_file id="fl-4b">
         <path>C:\ti\ccsv8\tools\compiler\ti-cgt-msp430_18.1.5.LTS\lib\</path>
         <kind>archive</kind>
         <file>rts430x_lc_rd_eabi.lib</file>
         <name>boot.c.obj</name>
      </input_file>
      <input_file id="fl-4c">
         <path>C:\ti\ccsv8\tools\compiler\ti-cgt-msp430_18.1.5.LTS\lib\</path>
         <kind>archive</kind>
         <file>rts430x_lc_rd_eabi.lib</file>
         <name>autoinit.c.obj</name>
      </input_file>
      <input_file id="fl-4d">
         <path>C:\ti\ccsv8\tools\compiler\ti-cgt-msp430_18.1.5.LTS\lib\</path>
         <kind>archive</kind>
         <file>rts430x_lc_rd_eabi.lib</file>
         <name>copy_zero_init.c.obj</name>
      </input_file>
      <input_file id="fl-4e">
         <path>C:\ti\ccsv8\tools\compiler\ti-cgt-msp430_18.1.5.LTS\lib\</path>
         <kind>archive</kind>
         <file>rts430x_lc_rd_eabi.lib</file>
         <name>cpy_tbl.c.obj</name>
      </input_file>
      <input_file id="fl-4f">
         <path>C:\ti\ccsv8\tools\compiler\ti-cgt-msp430_18.1.5.LTS\lib\</path>
         <kind>archive</kind>
         <file>rts430x_lc_rd_eabi.lib</file>
         <name>mpu_init.c.obj</name>
      </input_file>
      <input_file id="fl-50">
         <path>C:\ti\ccsv8\tools\compiler\ti-cgt-msp430_18.1.5.LTS\lib\</path>
         <kind>archive</kind>
         <file>rts430x_lc_rd_eabi.lib</file>
         <name>pre_init.c.obj</name>
      </input_file>
      <input_file id="fl-51">
         <path>C:\ti\ccsv8\tools\compiler\ti-cgt-msp430_18.1.5.LTS\lib\</path>
         <kind>archive</kind>
         <file>rts430x_lc_rd_eabi.lib</file>
         <name>startup.c.obj</name>
      </input_file>
      <input_file id="fl-52">
         <path>C:\ti\ccsv8\tools\compiler\ti-cgt-msp430_18.1.5.LTS\lib\</path>
         <kind>archive</kind>
         <file>rts430x_lc_rd_eabi.lib</file>
         <name>copy_decompress_none.c.obj</name>
      </input_file>
      <input_file id="fl-53">
         <path>C:\ti\ccsv8\tools\compiler\ti-cgt-msp430_18.1.5.LTS\lib\</path>
         <kind>archive</kind>
         <file>rts430x_lc_rd_eabi.lib</file>
         <name>copy_decompress_lzss.c.obj</name>
      </input_file>
      <input_file id="fl-54">
         <path>C:\ti\ccsv8\tools\compiler\ti-cgt-msp430_18.1.5.LTS\lib\</path>
         <kind>archive</kind>
         <file>rts430x_lc_rd_eabi.lib</file>
         <name>exit.c.obj</name>
      </input_file>
      <input_file id="fl-55">
         <path>C:\ti\ccsv8\tools\compiler\ti-cgt-msp430_18.1.5.LTS\lib\</path>
         <kind>archive</kind>
         <file>rts430x_lc_rd_eabi.lib</file>
         <name>_lock.c.obj</name>
      </input_file>
      <input_file id="fl-56">
         <path>C:\ti\ccsv8\tools\compiler\ti-cgt-msp430_18.1.5.LTS\lib\</path>
         <kind>archive</kind>
         <file>rts430x_lc_rd_eabi.lib</file>
         <name>args_main.c.obj</name>
      </input_file>
      <input_file id="fl-57">
         <path>C:\ti\ccsv8\tools\compiler\ti-cgt-msp430_18.1.5.LTS\lib\</path>
         <kind>archive</kind>
         <file>rts430x_lc_rd_eabi.lib</file>
         <name>memcpy.c.obj</name>
      </input_file>
      <input_file id="fl-58">
         <path>C:\ti\ccsv8\tools\compiler\ti-cgt-msp430_18.1.5.LTS\lib\</path>
         <kind>archive</kind>
         <file>rts430x_lc_rd_eabi.lib</file>
         <name>strlen.c.obj</name>
      </input_file>
      <input_file id="fl-59">
         <path>C:\ti\ccsv8\tools\compiler\ti-cgt-msp430_18.1.5.LTS\lib\</path>
         <kind>archive</kind>
         <file>rts430x_lc_rd_eabi.lib</file>
         <name>mult16.asm.obj</name>
      </input_file>
      <input_file id="fl-5a">
         <path>C:\ti\ccsv8\tools\compiler\ti-cgt-msp430_18.1.5.LTS\lib\</path>
         <kind>archive</kind>
         <file>rts430x_lc_rd_eabi.lib</file>
         <name>exit_gvars.c.obj</name>
      </input_file>
   </input_file_list>
   <object_component_list>
      <object_component id="oc-66f">
         <name>__TI_handler_table</name>
         <load_address>0xc400</load_address>
         <run_address>0xc400</run_address>
         <size>0xc</size>
      </object_component>
      <object_component id="oc-672">
         <name>.cinit..data.load</name>
         <load_address>0xc40c</load_address>
         <run_address>0xc40c</run_address>
         <size>0x7</size>
      </object_component>
      <object_component id="oc-671">
         <name>.cinit..bss.load</name>
         <load_address>0xc414</load_address>
         <run_address>0xc414</run_address>
         <size>0x6</size>
      </object_component>
      <object_component id="oc-670">
         <name>__TI_cinit_table</name>
         <load_address>0xc41a</load_address>
         <run_address>0xc41a</run_address>
         <size>0x10</size>
      </object_component>
      <object_component id="oc-607">
         <name>.binit</name>
         <load_address>0xc42a</load_address>
         <run_address>0xc42a</run_address>
         <size>0x0</size>
      </object_component>
      <object_component id="oc-5ae">
         <name>.const:alphabetBig</name>
         <load_address>0xc42a</load_address>
         <run_address>0xc42a</run_address>
         <size>0x34</size>
         <input_file_ref idref="fl-2"/>
      </object_component>
      <object_component id="oc-393">
         <name>.const:GPIO_PORT_TO_BASE</name>
         <load_address>0xc45e</load_address>
         <run_address>0xc45e</run_address>
         <size>0x1c</size>
         <input_file_ref idref="fl-d"/>
      </object_component>
      <object_component id="oc-5b1">
         <name>.const:digit</name>
         <load_address>0xc47a</load_address>
         <run_address>0xc47a</run_address>
         <size>0x14</size>
         <input_file_ref idref="fl-2"/>
      </object_component>
      <object_component id="oc-4b4">
         <name>.const:$P$T0$1</name>
         <load_address>0xc48e</load_address>
         <run_address>0xc48e</run_address>
         <size>0x10</size>
         <input_file_ref idref="fl-3"/>
      </object_component>
      <object_component id="oc-4d5">
         <name>.const:$P$T0$1</name>
         <load_address>0xc49e</load_address>
         <run_address>0xc49e</run_address>
         <size>0xa</size>
         <input_file_ref idref="fl-2"/>
      </object_component>
      <object_component id="oc-3de">
         <name>.const:.string</name>
         <load_address>0xc4a8</load_address>
         <run_address>0xc4a8</run_address>
         <size>0x8</size>
         <input_file_ref idref="fl-3"/>
      </object_component>
      <object_component id="oc-51b">
         <name>.const:.string:$P$T1$2</name>
         <load_address>0xc4b0</load_address>
         <run_address>0xc4b0</run_address>
         <size>0x6</size>
         <input_file_ref idref="fl-2"/>
      </object_component>
      <object_component id="oc-369">
         <name>.text:main</name>
         <load_address>0xc4b6</load_address>
         <run_address>0xc4b6</run_address>
         <size>0x21e</size>
         <input_file_ref idref="fl-3"/>
      </object_component>
      <object_component id="oc-3df">
         <name>.text:displayScrollText</name>
         <load_address>0xc6d4</load_address>
         <run_address>0xc6d4</run_address>
         <size>0xe6</size>
         <input_file_ref idref="fl-2"/>
      </object_component>
      <object_component id="oc-4fc">
         <name>.text:LCD_E_setPinAsCOM</name>
         <load_address>0xc7ba</load_address>
         <run_address>0xc7ba</run_address>
         <size>0xda</size>
         <input_file_ref idref="fl-f"/>
      </object_component>
      <object_component id="oc-3d2">
         <name>.text:Init_LCD</name>
         <load_address>0xc894</load_address>
         <run_address>0xc894</run_address>
         <size>0xd2</size>
         <input_file_ref idref="fl-2"/>
      </object_component>
      <object_component id="oc-3b4">
         <name>.text:Init_GPIO</name>
         <load_address>0xc966</load_address>
         <run_address>0xc966</run_address>
         <size>0xcc</size>
         <input_file_ref idref="fl-3"/>
      </object_component>
      <object_component id="oc-4a7">
         <name>.text:CS_initClockSignal</name>
         <load_address>0xca32</load_address>
         <run_address>0xca32</run_address>
         <size>0xc8</size>
         <input_file_ref idref="fl-6"/>
      </object_component>
      <object_component id="oc-3ba">
         <name>.text:Init_US</name>
         <load_address>0xcafa</load_address>
         <run_address>0xcafa</run_address>
         <size>0x9e</size>
         <input_file_ref idref="fl-3"/>
      </object_component>
      <object_component id="oc-4b7">
         <name>.text:EUSCI_A_UART_init</name>
         <load_address>0xcb98</load_address>
         <run_address>0xcb98</run_address>
         <size>0x9a</size>
         <input_file_ref idref="fl-9"/>
      </object_component>
      <object_component id="oc-3ea">
         <name>.text</name>
         <load_address>0xcc32</load_address>
         <run_address>0xcc32</run_address>
         <size>0x90</size>
         <input_file_ref idref="fl-39"/>
      </object_component>
      <object_component id="oc-4cf">
         <name>.text:LCD_E_setPinAsLCDFunctionEx</name>
         <load_address>0xccc2</load_address>
         <run_address>0xccc2</run_address>
         <size>0x8a</size>
         <input_file_ref idref="fl-f"/>
      </object_component>
      <object_component id="oc-51e">
         <name>.text:showChar</name>
         <load_address>0xcd4c</load_address>
         <run_address>0xcd4c</run_address>
         <size>0x86</size>
         <input_file_ref idref="fl-2"/>
      </object_component>
      <object_component id="oc-3cc">
         <name>.text:Init_UART</name>
         <load_address>0xcdd2</load_address>
         <run_address>0xcdd2</run_address>
         <size>0x80</size>
         <input_file_ref idref="fl-3"/>
      </object_component>
      <object_component id="oc-29c">
         <name>.text:_isr:GPIO_ISR</name>
         <load_address>0xce52</load_address>
         <run_address>0xce52</run_address>
         <size>0x7e</size>
         <input_file_ref idref="fl-3"/>
      </object_component>
      <object_component id="oc-469">
         <name>.text:Timer_A_initUpMode</name>
         <load_address>0xced0</load_address>
         <run_address>0xced0</run_address>
         <size>0x7c</size>
         <input_file_ref idref="fl-17"/>
      </object_component>
      <object_component id="oc-64">
         <name>.text:decompress:lzss:__TI_decompress_lzss</name>
         <load_address>0xcf4c</load_address>
         <run_address>0xcf4c</run_address>
         <size>0x76</size>
         <input_file_ref idref="fl-53"/>
      </object_component>
      <object_component id="oc-405">
         <name>.text:Timer_A_outputPWM</name>
         <load_address>0xcfc2</load_address>
         <run_address>0xcfc2</run_address>
         <size>0x72</size>
         <input_file_ref idref="fl-17"/>
      </object_component>
      <object_component id="oc-3ef">
         <name>.text</name>
         <load_address>0xd034</load_address>
         <run_address>0xd034</run_address>
         <size>0x68</size>
         <input_file_ref idref="fl-3b"/>
      </object_component>
      <object_component id="oc-3c0">
         <name>.text:Init_ADC</name>
         <load_address>0xd09c</load_address>
         <run_address>0xd09c</run_address>
         <size>0x54</size>
         <input_file_ref idref="fl-3"/>
      </object_component>
      <object_component id="oc-43c">
         <name>.text:__TI_auto_init_nobinit_nopinit_hold_wdt:__TI_auto_init_nobinit_nopinit_hold_wdt</name>
         <load_address>0xd0f0</load_address>
         <run_address>0xd0f0</run_address>
         <size>0x54</size>
         <input_file_ref idref="fl-4c"/>
      </object_component>
      <object_component id="oc-40b">
         <name>.text:showHex</name>
         <load_address>0xd144</load_address>
         <run_address>0xd144</run_address>
         <size>0x52</size>
         <input_file_ref idref="fl-2"/>
      </object_component>
      <object_component id="oc-475">
         <name>.text:GPIO_setAsPeripheralModuleFunctionInputPin</name>
         <load_address>0xd196</load_address>
         <run_address>0xd196</run_address>
         <size>0x4e</size>
         <input_file_ref idref="fl-d"/>
      </object_component>
      <object_component id="oc-46f">
         <name>.text:GPIO_setAsPeripheralModuleFunctionOutputPin</name>
         <load_address>0xd1e4</load_address>
         <run_address>0xd1e4</run_address>
         <size>0x4e</size>
         <input_file_ref idref="fl-d"/>
      </object_component>
      <object_component id="oc-482">
         <name>.text:ADC_init</name>
         <load_address>0xd232</load_address>
         <run_address>0xd232</run_address>
         <size>0x4a</size>
         <input_file_ref idref="fl-4"/>
      </object_component>
      <object_component id="oc-461">
         <name>.text:GPIO_setAsInputPinWithPullUpResistor</name>
         <load_address>0xd27c</load_address>
         <run_address>0xd27c</run_address>
         <size>0x3e</size>
         <input_file_ref idref="fl-d"/>
      </object_component>
      <object_component id="oc-3c6">
         <name>.text:Init_Clock</name>
         <load_address>0xd2ba</load_address>
         <run_address>0xd2ba</run_address>
         <size>0x3e</size>
         <input_file_ref idref="fl-3"/>
      </object_component>
      <object_component id="oc-3e5">
         <name>.text</name>
         <load_address>0xd2f8</load_address>
         <run_address>0xd2f8</run_address>
         <size>0x36</size>
         <input_file_ref idref="fl-3a"/>
      </object_component>
      <object_component id="oc-494">
         <name>.text:ADC_configureMemory</name>
         <load_address>0xd32e</load_address>
         <run_address>0xd32e</run_address>
         <size>0x34</size>
         <input_file_ref idref="fl-4"/>
      </object_component>
      <object_component id="oc-2a2">
         <name>.text:_isr:ADC_ISR</name>
         <load_address>0xd362</load_address>
         <run_address>0xd362</run_address>
         <size>0x34</size>
         <input_file_ref idref="fl-3"/>
      </object_component>
      <object_component id="oc-314">
         <name>.text:Timer_A_getCounterValue</name>
         <load_address>0xd396</load_address>
         <run_address>0xd396</run_address>
         <size>0x32</size>
         <input_file_ref idref="fl-17"/>
      </object_component>
      <object_component id="oc-2a8">
         <name>.text:_isr:EUSCIA0_ISR</name>
         <load_address>0xd3c8</load_address>
         <run_address>0xd3c8</run_address>
         <size>0x32</size>
         <input_file_ref idref="fl-3"/>
      </object_component>
      <object_component id="oc-592">
         <name>.text:setLCDFunction</name>
         <load_address>0xd3fa</load_address>
         <run_address>0xd3fa</run_address>
         <size>0x32</size>
         <input_file_ref idref="fl-f"/>
      </object_component>
      <object_component id="oc-4ad">
         <name>.text:CS_turnOnXT1LF</name>
         <load_address>0xd42c</load_address>
         <run_address>0xd42c</run_address>
         <size>0x30</size>
         <input_file_ref idref="fl-6"/>
      </object_component>
      <object_component id="oc-2fc">
         <name>.text:GPIO_getInterruptStatus</name>
         <load_address>0xd45c</load_address>
         <run_address>0xd45c</run_address>
         <size>0x30</size>
         <input_file_ref idref="fl-d"/>
      </object_component>
      <object_component id="oc-31d">
         <name>.text:GPIO_selectInterruptEdge</name>
         <load_address>0xd48c</load_address>
         <run_address>0xd48c</run_address>
         <size>0x2e</size>
         <input_file_ref idref="fl-d"/>
      </object_component>
      <object_component id="oc-5a9">
         <name>.text</name>
         <load_address>0xd4ba</load_address>
         <run_address>0xd4ba</run_address>
         <size>0x2c</size>
         <input_file_ref idref="fl-35"/>
      </object_component>
      <object_component id="oc-45b">
         <name>.text:GPIO_setAsOutputPin</name>
         <load_address>0xd4e6</load_address>
         <run_address>0xd4e6</run_address>
         <size>0x28</size>
         <input_file_ref idref="fl-d"/>
      </object_component>
      <object_component id="oc-4d8">
         <name>.text:LCD_E_init</name>
         <load_address>0xd50e</load_address>
         <run_address>0xd50e</run_address>
         <size>0x28</size>
         <input_file_ref idref="fl-f"/>
      </object_component>
      <object_component id="oc-2ae">
         <name>.text:decompress:ZI:__TI_zero_init_nomemset:__TI_zero_init_nomemset</name>
         <load_address>0xd536</load_address>
         <run_address>0xd536</run_address>
         <size>0x24</size>
         <input_file_ref idref="fl-4d"/>
      </object_component>
      <object_component id="oc-411">
         <name>.text:ADC_startConversion</name>
         <load_address>0xd55a</load_address>
         <run_address>0xd55a</run_address>
         <size>0x22</size>
         <input_file_ref idref="fl-4"/>
      </object_component>
      <object_component id="oc-4c3">
         <name>.text:EUSCI_A_UART_enableInterrupt</name>
         <load_address>0xd57c</load_address>
         <run_address>0xd57c</run_address>
         <size>0x22</size>
         <input_file_ref idref="fl-9"/>
      </object_component>
      <object_component id="oc-354">
         <name>.text:EUSCI_A_UART_transmitData</name>
         <load_address>0xd59e</load_address>
         <run_address>0xd59e</run_address>
         <size>0x22</size>
         <input_file_ref idref="fl-9"/>
      </object_component>
      <object_component id="oc-34e">
         <name>.text:EUSCI_A_UART_receiveData</name>
         <load_address>0xd5c0</load_address>
         <run_address>0xd5c0</run_address>
         <size>0x20</size>
         <input_file_ref idref="fl-9"/>
      </object_component>
      <object_component id="oc-302">
         <name>.text:GPIO_clearInterrupt</name>
         <load_address>0xd5e0</load_address>
         <run_address>0xd5e0</run_address>
         <size>0x1e</size>
         <input_file_ref idref="fl-d"/>
      </object_component>
      <object_component id="oc-47b">
         <name>.text:GPIO_enableInterrupt</name>
         <load_address>0xd5fe</load_address>
         <run_address>0xd5fe</run_address>
         <size>0x1e</size>
         <input_file_ref idref="fl-d"/>
      </object_component>
      <object_component id="oc-308">
         <name>.text:GPIO_getInputPinValue</name>
         <load_address>0xd61c</load_address>
         <run_address>0xd61c</run_address>
         <size>0x1c</size>
         <input_file_ref idref="fl-d"/>
      </object_component>
      <object_component id="oc-3f4">
         <name>.text:GPIO_setOutputHighOnPin</name>
         <load_address>0xd638</load_address>
         <run_address>0xd638</run_address>
         <size>0x1c</size>
         <input_file_ref idref="fl-d"/>
      </object_component>
      <object_component id="oc-3fa">
         <name>.text:GPIO_setOutputLowOnPin</name>
         <load_address>0xd654</load_address>
         <run_address>0xd654</run_address>
         <size>0x1c</size>
         <input_file_ref idref="fl-d"/>
      </object_component>
      <object_component id="oc-2c0">
         <name>.text:_isr:_c_int00_noargs</name>
         <load_address>0xd670</load_address>
         <run_address>0xd670</run_address>
         <size>0x1c</size>
         <input_file_ref idref="fl-4b"/>
      </object_component>
      <object_component id="oc-48e">
         <name>.text:ADC_setupSamplingTimer</name>
         <load_address>0xd68c</load_address>
         <run_address>0xd68c</run_address>
         <size>0x1a</size>
         <input_file_ref idref="fl-4"/>
      </object_component>
      <object_component id="oc-4de">
         <name>.text:LCD_E_setVLCDSource</name>
         <load_address>0xd6a6</load_address>
         <run_address>0xd6a6</run_address>
         <size>0x1a</size>
         <input_file_ref idref="fl-f"/>
      </object_component>
      <object_component id="oc-502">
         <name>.text:LCD_E_selectDisplayMemory</name>
         <load_address>0xd6c0</load_address>
         <run_address>0xd6c0</run_address>
         <size>0x18</size>
         <input_file_ref idref="fl-f"/>
      </object_component>
      <object_component id="oc-4f0">
         <name>.text:LCD_E_setChargePumpFreq</name>
         <load_address>0xd6d8</load_address>
         <run_address>0xd6d8</run_address>
         <size>0x16</size>
         <input_file_ref idref="fl-f"/>
      </object_component>
      <object_component id="oc-4e4">
         <name>.text:LCD_E_setVLCDVoltage</name>
         <load_address>0xd6ee</load_address>
         <run_address>0xd6ee</run_address>
         <size>0x16</size>
         <input_file_ref idref="fl-f"/>
      </object_component>
      <object_component id="oc-3ae">
         <name>.text:WDT_A_hold</name>
         <load_address>0xd704</load_address>
         <run_address>0xd704</run_address>
         <size>0x16</size>
         <input_file_ref idref="fl-1a"/>
      </object_component>
      <object_component id="oc-5ef">
         <name>.text</name>
         <load_address>0xd71a</load_address>
         <run_address>0xd71a</run_address>
         <size>0x16</size>
         <input_file_ref idref="fl-36"/>
      </object_component>
      <object_component id="oc-28a">
         <name>.text:memcpy</name>
         <load_address>0xd730</load_address>
         <run_address>0xd730</run_address>
         <size>0x14</size>
         <input_file_ref idref="fl-57"/>
      </object_component>
      <object_component id="oc-6a">
         <name>.text:decompress:none:__TI_decompress_none</name>
         <load_address>0xd744</load_address>
         <run_address>0xd744</run_address>
         <size>0x12</size>
         <input_file_ref idref="fl-52"/>
      </object_component>
      <object_component id="oc-4a1">
         <name>.text:CS_setExternalClockSource</name>
         <load_address>0xd756</load_address>
         <run_address>0xd756</run_address>
         <size>0xe</size>
         <input_file_ref idref="fl-6"/>
      </object_component>
      <object_component id="oc-515">
         <name>.text:strlen</name>
         <load_address>0xd764</load_address>
         <run_address>0xd764</run_address>
         <size>0xe</size>
         <input_file_ref idref="fl-58"/>
      </object_component>
      <object_component id="oc-335">
         <name>.text:ADC_clearInterrupt</name>
         <load_address>0xd772</load_address>
         <run_address>0xd772</run_address>
         <size>0xc</size>
         <input_file_ref idref="fl-4"/>
      </object_component>
      <object_component id="oc-49a">
         <name>.text:ADC_enableInterrupt</name>
         <load_address>0xd77e</load_address>
         <run_address>0xd77e</run_address>
         <size>0xc</size>
         <input_file_ref idref="fl-4"/>
      </object_component>
      <object_component id="oc-348">
         <name>.text:EUSCI_A_UART_clearInterrupt</name>
         <load_address>0xd78a</load_address>
         <run_address>0xd78a</run_address>
         <size>0xc</size>
         <input_file_ref idref="fl-9"/>
      </object_component>
      <object_component id="oc-4f6">
         <name>.text:LCD_E_clearAllMemory</name>
         <load_address>0xd796</load_address>
         <run_address>0xd796</run_address>
         <size>0xc</size>
         <input_file_ref idref="fl-f"/>
      </object_component>
      <object_component id="oc-4ea">
         <name>.text:LCD_E_enableChargePump</name>
         <load_address>0xd7a2</load_address>
         <run_address>0xd7a2</run_address>
         <size>0xc</size>
         <input_file_ref idref="fl-f"/>
      </object_component>
      <object_component id="oc-508">
         <name>.text:LCD_E_on</name>
         <load_address>0xd7ae</load_address>
         <run_address>0xd7ae</run_address>
         <size>0xc</size>
         <input_file_ref idref="fl-f"/>
      </object_component>
      <object_component id="oc-323">
         <name>.text:Timer_A_startCounter</name>
         <load_address>0xd7ba</load_address>
         <run_address>0xd7ba</run_address>
         <size>0xc</size>
         <input_file_ref idref="fl-17"/>
      </object_component>
      <object_component id="oc-32f">
         <name>.text:ADC_getInterruptStatus</name>
         <load_address>0xd7c6</load_address>
         <run_address>0xd7c6</run_address>
         <size>0xa</size>
         <input_file_ref idref="fl-4"/>
      </object_component>
      <object_component id="oc-342">
         <name>.text:EUSCI_A_UART_getInterruptStatus</name>
         <load_address>0xd7d0</load_address>
         <run_address>0xd7d0</run_address>
         <size>0xa</size>
         <input_file_ref idref="fl-9"/>
      </object_component>
      <object_component id="oc-57a">
         <name>.text</name>
         <load_address>0xd7da</load_address>
         <run_address>0xd7da</run_address>
         <size>0xa</size>
         <input_file_ref idref="fl-48"/>
      </object_component>
      <object_component id="oc-58d">
         <name>.text</name>
         <load_address>0xd7e4</load_address>
         <run_address>0xd7e4</run_address>
         <size>0xa</size>
         <input_file_ref idref="fl-49"/>
      </object_component>
      <object_component id="oc-488">
         <name>.text:ADC_enable</name>
         <load_address>0xd7ee</load_address>
         <run_address>0xd7ee</run_address>
         <size>0x8</size>
         <input_file_ref idref="fl-4"/>
      </object_component>
      <object_component id="oc-33b">
         <name>.text:ADC_getResults</name>
         <load_address>0xd7f6</load_address>
         <run_address>0xd7f6</run_address>
         <size>0x8</size>
         <input_file_ref idref="fl-4"/>
      </object_component>
      <object_component id="oc-3d8">
         <name>.text:PMM_unlockLPM5</name>
         <load_address>0xd7fe</load_address>
         <run_address>0xd7fe</run_address>
         <size>0x8</size>
         <input_file_ref idref="fl-11"/>
      </object_component>
      <object_component id="oc-30e">
         <name>.text:Timer_A_stop</name>
         <load_address>0xd806</load_address>
         <run_address>0xd806</run_address>
         <size>0x8</size>
         <input_file_ref idref="fl-17"/>
      </object_component>
      <object_component id="oc-297">
         <name>.text:_isr:__TI_ISR_TRAP</name>
         <load_address>0xd80e</load_address>
         <run_address>0xd80e</run_address>
         <size>0x8</size>
         <input_file_ref idref="fl-47"/>
      </object_component>
      <object_component id="oc-4bd">
         <name>.text:EUSCI_A_UART_enable</name>
         <load_address>0xd816</load_address>
         <run_address>0xd816</run_address>
         <size>0x6</size>
         <input_file_ref idref="fl-9"/>
      </object_component>
      <object_component id="oc-418">
         <name>.text:abort</name>
         <load_address>0xd81c</load_address>
         <run_address>0xd81c</run_address>
         <size>0x6</size>
         <input_file_ref idref="fl-54"/>
      </object_component>
      <object_component id="oc-363">
         <name>.text:_system_pre_init</name>
         <load_address>0xd822</load_address>
         <run_address>0xd822</run_address>
         <size>0x4</size>
         <input_file_ref idref="fl-50"/>
      </object_component>
      <object_component id="oc-54e">
         <name>.text:_system_post_cinit</name>
         <load_address>0xd826</load_address>
         <run_address>0xd826</run_address>
         <size>0x2</size>
         <input_file_ref idref="fl-51"/>
      </object_component>
      <object_component id="oc-400">
         <name>.common:param1</name>
         <uninitialized>true</uninitialized>
         <run_address>0x200e</run_address>
         <size>0xc</size>
      </object_component>
      <object_component id="oc-468">
         <name>.common:param2</name>
         <uninitialized>true</uninitialized>
         <run_address>0x2000</run_address>
         <size>0xe</size>
      </object_component>
      <object_component id="oc-31a">
         <name>.data</name>
         <load_address>0x201a</load_address>
         <run_address>0x201a</run_address>
         <size>0xa</size>
         <input_file_ref idref="fl-3"/>
      </object_component>
      <object_component id="oc-581">
         <name>.data</name>
         <load_address>0x2024</load_address>
         <run_address>0x2024</run_address>
         <size>0x4</size>
         <input_file_ref idref="fl-6"/>
      </object_component>
      <object_component id="oc-27b">
         <name>.stack</name>
         <uninitialized>true</uninitialized>
         <run_address>0x2760</run_address>
         <size>0x4</size>
         <input_file_ref idref="fl-4b"/>
      </object_component>
      <object_component id="oc-673">
         <name>.stack</name>
         <uninitialized>true</uninitialized>
         <run_address>0x2760</run_address>
         <size>0x0</size>
      </object_component>
      <object_component id="oc-70">
         <name>.int45</name>
         <load_address>0xffe2</load_address>
         <run_address>0xffe2</run_address>
         <size>0x2</size>
         <input_file_ref idref="fl-3c"/>
      </object_component>
      <object_component id="oc-71">
         <name>.int46</name>
         <load_address>0xffe4</load_address>
         <run_address>0xffe4</run_address>
         <size>0x2</size>
         <input_file_ref idref="fl-3"/>
      </object_component>
      <object_component id="oc-72">
         <name>.int47</name>
         <load_address>0xffe6</load_address>
         <run_address>0xffe6</run_address>
         <size>0x2</size>
         <input_file_ref idref="fl-3d"/>
      </object_component>
      <object_component id="oc-73">
         <name>.int48</name>
         <load_address>0xffe8</load_address>
         <run_address>0xffe8</run_address>
         <size>0x2</size>
         <input_file_ref idref="fl-3"/>
      </object_component>
      <object_component id="oc-74">
         <name>.int49</name>
         <load_address>0xffea</load_address>
         <run_address>0xffea</run_address>
         <size>0x2</size>
         <input_file_ref idref="fl-3e"/>
      </object_component>
      <object_component id="oc-75">
         <name>.int50</name>
         <load_address>0xffec</load_address>
         <run_address>0xffec</run_address>
         <size>0x2</size>
         <input_file_ref idref="fl-3"/>
      </object_component>
      <object_component id="oc-76">
         <name>.int51</name>
         <load_address>0xffee</load_address>
         <run_address>0xffee</run_address>
         <size>0x2</size>
         <input_file_ref idref="fl-3f"/>
      </object_component>
      <object_component id="oc-77">
         <name>.int52</name>
         <load_address>0xfff0</load_address>
         <run_address>0xfff0</run_address>
         <size>0x2</size>
         <input_file_ref idref="fl-40"/>
      </object_component>
      <object_component id="oc-78">
         <name>.int53</name>
         <load_address>0xfff2</load_address>
         <run_address>0xfff2</run_address>
         <size>0x2</size>
         <input_file_ref idref="fl-41"/>
      </object_component>
      <object_component id="oc-79">
         <name>.int54</name>
         <load_address>0xfff4</load_address>
         <run_address>0xfff4</run_address>
         <size>0x2</size>
         <input_file_ref idref="fl-42"/>
      </object_component>
      <object_component id="oc-7a">
         <name>.int55</name>
         <load_address>0xfff6</load_address>
         <run_address>0xfff6</run_address>
         <size>0x2</size>
         <input_file_ref idref="fl-43"/>
      </object_component>
      <object_component id="oc-7b">
         <name>.int56</name>
         <load_address>0xfff8</load_address>
         <run_address>0xfff8</run_address>
         <size>0x2</size>
         <input_file_ref idref="fl-44"/>
      </object_component>
      <object_component id="oc-7c">
         <name>.int57</name>
         <load_address>0xfffa</load_address>
         <run_address>0xfffa</run_address>
         <size>0x2</size>
         <input_file_ref idref="fl-45"/>
      </object_component>
      <object_component id="oc-7d">
         <name>.int58</name>
         <load_address>0xfffc</load_address>
         <run_address>0xfffc</run_address>
         <size>0x2</size>
         <input_file_ref idref="fl-46"/>
      </object_component>
      <object_component id="oc-27e">
         <name>.reset</name>
         <load_address>0xfffe</load_address>
         <run_address>0xfffe</run_address>
         <size>0x2</size>
         <input_file_ref idref="fl-4b"/>
      </object_component>
      <object_component id="oc-401">
         <name>.debug_info</name>
         <load_address>0x0</load_address>
         <run_address>0x0</run_address>
         <size>0x4be</size>
         <input_file_ref idref="fl-2"/>
      </object_component>
      <object_component id="oc-5b2">
         <name>.debug_info</name>
         <load_address>0x4be</load_address>
         <run_address>0x4be</run_address>
         <size>0xc7</size>
         <input_file_ref idref="fl-2"/>
      </object_component>
      <object_component id="oc-5af">
         <name>.debug_info</name>
         <load_address>0x585</load_address>
         <run_address>0x585</run_address>
         <size>0xd3</size>
         <input_file_ref idref="fl-2"/>
      </object_component>
      <object_component id="oc-4d6">
         <name>.debug_info</name>
         <load_address>0x658</load_address>
         <run_address>0x658</run_address>
         <size>0xca</size>
         <input_file_ref idref="fl-2"/>
      </object_component>
      <object_component id="oc-51c">
         <name>.debug_info</name>
         <load_address>0x722</load_address>
         <run_address>0x722</run_address>
         <size>0xca</size>
         <input_file_ref idref="fl-2"/>
      </object_component>
      <object_component id="oc-51f">
         <name>.debug_info</name>
         <load_address>0x7ec</load_address>
         <run_address>0x7ec</run_address>
         <size>0x159</size>
         <input_file_ref idref="fl-2"/>
      </object_component>
      <object_component id="oc-40c">
         <name>.debug_info</name>
         <load_address>0x945</load_address>
         <run_address>0x945</run_address>
         <size>0x155</size>
         <input_file_ref idref="fl-2"/>
      </object_component>
      <object_component id="oc-3e0">
         <name>.debug_info</name>
         <load_address>0xa9a</load_address>
         <run_address>0xa9a</run_address>
         <size>0x1f8</size>
         <input_file_ref idref="fl-2"/>
      </object_component>
      <object_component id="oc-3d3">
         <name>.debug_info</name>
         <load_address>0xc92</load_address>
         <run_address>0xc92</run_address>
         <size>0x297</size>
         <input_file_ref idref="fl-2"/>
      </object_component>
      <object_component id="oc-52c">
         <name>.debug_info</name>
         <load_address>0xf29</load_address>
         <run_address>0xf29</run_address>
         <size>0x26b</size>
         <input_file_ref idref="fl-2"/>
      </object_component>
      <object_component id="oc-4ca">
         <name>.debug_info</name>
         <load_address>0x1194</load_address>
         <run_address>0x1194</run_address>
         <size>0xee</size>
         <input_file_ref idref="fl-2"/>
      </object_component>
      <object_component id="oc-50f">
         <name>.debug_info</name>
         <load_address>0x1282</load_address>
         <run_address>0x1282</run_address>
         <size>0x9e</size>
         <input_file_ref idref="fl-2"/>
      </object_component>
      <object_component id="oc-531">
         <name>.debug_info</name>
         <load_address>0x1320</load_address>
         <run_address>0x1320</run_address>
         <size>0x392</size>
         <input_file_ref idref="fl-2"/>
      </object_component>
      <object_component id="oc-38e">
         <name>.debug_info</name>
         <load_address>0x16b2</load_address>
         <run_address>0x16b2</run_address>
         <size>0x8b</size>
         <input_file_ref idref="fl-2"/>
      </object_component>
      <object_component id="oc-39f">
         <name>.debug_info</name>
         <load_address>0x173d</load_address>
         <run_address>0x173d</run_address>
         <size>0x275</size>
         <input_file_ref idref="fl-2"/>
      </object_component>
      <object_component id="oc-32a">
         <name>.debug_info</name>
         <load_address>0x19b2</load_address>
         <run_address>0x19b2</run_address>
         <size>0xbb</size>
         <input_file_ref idref="fl-2"/>
      </object_component>
      <object_component id="oc-2f4">
         <name>.debug_info</name>
         <load_address>0x1a6d</load_address>
         <run_address>0x1a6d</run_address>
         <size>0x2c</size>
         <input_file_ref idref="fl-2"/>
      </object_component>
      <object_component id="oc-403">
         <name>.debug_info</name>
         <load_address>0x1a99</load_address>
         <run_address>0x1a99</run_address>
         <size>0xbf2</size>
         <input_file_ref idref="fl-3"/>
      </object_component>
      <object_component id="oc-31b">
         <name>.debug_info</name>
         <load_address>0x268b</load_address>
         <run_address>0x268b</run_address>
         <size>0x144</size>
         <input_file_ref idref="fl-3"/>
      </object_component>
      <object_component id="oc-4b5">
         <name>.debug_info</name>
         <load_address>0x27cf</load_address>
         <run_address>0x27cf</run_address>
         <size>0xc7</size>
         <input_file_ref idref="fl-3"/>
      </object_component>
      <object_component id="oc-3b5">
         <name>.debug_info</name>
         <load_address>0x2896</load_address>
         <run_address>0x2896</run_address>
         <size>0x31e</size>
         <input_file_ref idref="fl-3"/>
      </object_component>
      <object_component id="oc-3bb">
         <name>.debug_info</name>
         <load_address>0x2bb4</load_address>
         <run_address>0x2bb4</run_address>
         <size>0x1c5</size>
         <input_file_ref idref="fl-3"/>
      </object_component>
      <object_component id="oc-3c1">
         <name>.debug_info</name>
         <load_address>0x2d79</load_address>
         <run_address>0x2d79</run_address>
         <size>0x1b2</size>
         <input_file_ref idref="fl-3"/>
      </object_component>
      <object_component id="oc-3c7">
         <name>.debug_info</name>
         <load_address>0x2f2b</load_address>
         <run_address>0x2f2b</run_address>
         <size>0x1a9</size>
         <input_file_ref idref="fl-3"/>
      </object_component>
      <object_component id="oc-3cd">
         <name>.debug_info</name>
         <load_address>0x30d4</load_address>
         <run_address>0x30d4</run_address>
         <size>0x1f4</size>
         <input_file_ref idref="fl-3"/>
      </object_component>
      <object_component id="oc-36a">
         <name>.debug_info</name>
         <load_address>0x32c8</load_address>
         <run_address>0x32c8</run_address>
         <size>0x52b</size>
         <input_file_ref idref="fl-3"/>
      </object_component>
      <object_component id="oc-29d">
         <name>.debug_info</name>
         <load_address>0x37f3</load_address>
         <run_address>0x37f3</run_address>
         <size>0x1f3</size>
         <input_file_ref idref="fl-3"/>
      </object_component>
      <object_component id="oc-2a9">
         <name>.debug_info</name>
         <load_address>0x39e6</load_address>
         <run_address>0x39e6</run_address>
         <size>0x19e</size>
         <input_file_ref idref="fl-3"/>
      </object_component>
      <object_component id="oc-2a3">
         <name>.debug_info</name>
         <load_address>0x3b84</load_address>
         <run_address>0x3b84</run_address>
         <size>0x15c</size>
         <input_file_ref idref="fl-3"/>
      </object_component>
      <object_component id="oc-412">
         <name>.debug_info</name>
         <load_address>0x3ce0</load_address>
         <run_address>0x3ce0</run_address>
         <size>0x215</size>
         <input_file_ref idref="fl-4"/>
      </object_component>
      <object_component id="oc-48f">
         <name>.debug_info</name>
         <load_address>0x3ef5</load_address>
         <run_address>0x3ef5</run_address>
         <size>0x232</size>
         <input_file_ref idref="fl-4"/>
      </object_component>
      <object_component id="oc-483">
         <name>.debug_info</name>
         <load_address>0x4127</load_address>
         <run_address>0x4127</run_address>
         <size>0x2af</size>
         <input_file_ref idref="fl-4"/>
      </object_component>
      <object_component id="oc-33c">
         <name>.debug_info</name>
         <load_address>0x43d6</load_address>
         <run_address>0x43d6</run_address>
         <size>0x16e</size>
         <input_file_ref idref="fl-4"/>
      </object_component>
      <object_component id="oc-330">
         <name>.debug_info</name>
         <load_address>0x4544</load_address>
         <run_address>0x4544</run_address>
         <size>0x1d4</size>
         <input_file_ref idref="fl-4"/>
      </object_component>
      <object_component id="oc-49b">
         <name>.debug_info</name>
         <load_address>0x4718</load_address>
         <run_address>0x4718</run_address>
         <size>0x1ba</size>
         <input_file_ref idref="fl-4"/>
      </object_component>
      <object_component id="oc-489">
         <name>.debug_info</name>
         <load_address>0x48d2</load_address>
         <run_address>0x48d2</run_address>
         <size>0x181</size>
         <input_file_ref idref="fl-4"/>
      </object_component>
      <object_component id="oc-495">
         <name>.debug_info</name>
         <load_address>0x4a53</load_address>
         <run_address>0x4a53</run_address>
         <size>0x311</size>
         <input_file_ref idref="fl-4"/>
      </object_component>
      <object_component id="oc-336">
         <name>.debug_info</name>
         <load_address>0x4d64</load_address>
         <run_address>0x4d64</run_address>
         <size>0x1c8</size>
         <input_file_ref idref="fl-4"/>
      </object_component>
      <object_component id="oc-285">
         <name>.debug_info</name>
         <load_address>0x4f2c</load_address>
         <run_address>0x4f2c</run_address>
         <size>0x84</size>
         <input_file_ref idref="fl-5"/>
      </object_component>
      <object_component id="oc-582">
         <name>.debug_info</name>
         <load_address>0x4fb0</load_address>
         <run_address>0x4fb0</run_address>
         <size>0x101</size>
         <input_file_ref idref="fl-6"/>
      </object_component>
      <object_component id="oc-4ae">
         <name>.debug_info</name>
         <load_address>0x50b1</load_address>
         <run_address>0x50b1</run_address>
         <size>0x164</size>
         <input_file_ref idref="fl-6"/>
      </object_component>
      <object_component id="oc-4a2">
         <name>.debug_info</name>
         <load_address>0x5215</load_address>
         <run_address>0x5215</run_address>
         <size>0x1bd</size>
         <input_file_ref idref="fl-6"/>
      </object_component>
      <object_component id="oc-4a8">
         <name>.debug_info</name>
         <load_address>0x53d2</load_address>
         <run_address>0x53d2</run_address>
         <size>0x25a</size>
         <input_file_ref idref="fl-6"/>
      </object_component>
      <object_component id="oc-58a">
         <name>.debug_info</name>
         <load_address>0x562c</load_address>
         <run_address>0x562c</run_address>
         <size>0x15d</size>
         <input_file_ref idref="fl-9"/>
      </object_component>
      <object_component id="oc-355">
         <name>.debug_info</name>
         <load_address>0x5789</load_address>
         <run_address>0x5789</run_address>
         <size>0x1fc</size>
         <input_file_ref idref="fl-9"/>
      </object_component>
      <object_component id="oc-34f">
         <name>.debug_info</name>
         <load_address>0x5985</load_address>
         <run_address>0x5985</run_address>
         <size>0x1bc</size>
         <input_file_ref idref="fl-9"/>
      </object_component>
      <object_component id="oc-4b8">
         <name>.debug_info</name>
         <load_address>0x5b41</load_address>
         <run_address>0x5b41</run_address>
         <size>0x1e9</size>
         <input_file_ref idref="fl-9"/>
      </object_component>
      <object_component id="oc-343">
         <name>.debug_info</name>
         <load_address>0x5d2a</load_address>
         <run_address>0x5d2a</run_address>
         <size>0x1cd</size>
         <input_file_ref idref="fl-9"/>
      </object_component>
      <object_component id="oc-4c4">
         <name>.debug_info</name>
         <load_address>0x5ef7</load_address>
         <run_address>0x5ef7</run_address>
         <size>0x1f9</size>
         <input_file_ref idref="fl-9"/>
      </object_component>
      <object_component id="oc-4be">
         <name>.debug_info</name>
         <load_address>0x60f0</load_address>
         <run_address>0x60f0</run_address>
         <size>0x1ae</size>
         <input_file_ref idref="fl-9"/>
      </object_component>
      <object_component id="oc-349">
         <name>.debug_info</name>
         <load_address>0x629e</load_address>
         <run_address>0x629e</run_address>
         <size>0x1c1</size>
         <input_file_ref idref="fl-9"/>
      </object_component>
      <object_component id="oc-459">
         <name>.debug_info</name>
         <load_address>0x645f</load_address>
         <run_address>0x645f</run_address>
         <size>0x167</size>
         <input_file_ref idref="fl-d"/>
      </object_component>
      <object_component id="oc-394">
         <name>.debug_info</name>
         <load_address>0x65c6</load_address>
         <run_address>0x65c6</run_address>
         <size>0xf5</size>
         <input_file_ref idref="fl-d"/>
      </object_component>
      <object_component id="oc-3fb">
         <name>.debug_info</name>
         <load_address>0x66bb</load_address>
         <run_address>0x66bb</run_address>
         <size>0x204</size>
         <input_file_ref idref="fl-d"/>
      </object_component>
      <object_component id="oc-3f5">
         <name>.debug_info</name>
         <load_address>0x68bf</load_address>
         <run_address>0x68bf</run_address>
         <size>0x206</size>
         <input_file_ref idref="fl-d"/>
      </object_component>
      <object_component id="oc-470">
         <name>.debug_info</name>
         <load_address>0x6ac5</load_address>
         <run_address>0x6ac5</run_address>
         <size>0x24d</size>
         <input_file_ref idref="fl-d"/>
      </object_component>
      <object_component id="oc-476">
         <name>.debug_info</name>
         <load_address>0x6d12</load_address>
         <run_address>0x6d12</run_address>
         <size>0x24c</size>
         <input_file_ref idref="fl-d"/>
      </object_component>
      <object_component id="oc-45c">
         <name>.debug_info</name>
         <load_address>0x6f5e</load_address>
         <run_address>0x6f5e</run_address>
         <size>0x1fb</size>
         <input_file_ref idref="fl-d"/>
      </object_component>
      <object_component id="oc-462">
         <name>.debug_info</name>
         <load_address>0x7159</load_address>
         <run_address>0x7159</run_address>
         <size>0x220</size>
         <input_file_ref idref="fl-d"/>
      </object_component>
      <object_component id="oc-31e">
         <name>.debug_info</name>
         <load_address>0x7379</load_address>
         <run_address>0x7379</run_address>
         <size>0x242</size>
         <input_file_ref idref="fl-d"/>
      </object_component>
      <object_component id="oc-2fd">
         <name>.debug_info</name>
         <load_address>0x75bb</load_address>
         <run_address>0x75bb</run_address>
         <size>0x20a</size>
         <input_file_ref idref="fl-d"/>
      </object_component>
      <object_component id="oc-309">
         <name>.debug_info</name>
         <load_address>0x77c5</load_address>
         <run_address>0x77c5</run_address>
         <size>0x206</size>
         <input_file_ref idref="fl-d"/>
      </object_component>
      <object_component id="oc-47c">
         <name>.debug_info</name>
         <load_address>0x79cb</load_address>
         <run_address>0x79cb</run_address>
         <size>0x200</size>
         <input_file_ref idref="fl-d"/>
      </object_component>
      <object_component id="oc-303">
         <name>.debug_info</name>
         <load_address>0x7bcb</load_address>
         <run_address>0x7bcb</run_address>
         <size>0x1fe</size>
         <input_file_ref idref="fl-d"/>
      </object_component>
      <object_component id="oc-59c">
         <name>.debug_info</name>
         <load_address>0x7dc9</load_address>
         <run_address>0x7dc9</run_address>
         <size>0x160</size>
         <input_file_ref idref="fl-f"/>
      </object_component>
      <object_component id="oc-4e5">
         <name>.debug_info</name>
         <load_address>0x7f29</load_address>
         <run_address>0x7f29</run_address>
         <size>0x1c9</size>
         <input_file_ref idref="fl-f"/>
      </object_component>
      <object_component id="oc-4df">
         <name>.debug_info</name>
         <load_address>0x80f2</load_address>
         <run_address>0x80f2</run_address>
         <size>0x1cf</size>
         <input_file_ref idref="fl-f"/>
      </object_component>
      <object_component id="oc-593">
         <name>.debug_info</name>
         <load_address>0x82c1</load_address>
         <run_address>0x82c1</run_address>
         <size>0x1bb</size>
         <input_file_ref idref="fl-f"/>
      </object_component>
      <object_component id="oc-4d0">
         <name>.debug_info</name>
         <load_address>0x847c</load_address>
         <run_address>0x847c</run_address>
         <size>0x322</size>
         <input_file_ref idref="fl-f"/>
      </object_component>
      <object_component id="oc-4fd">
         <name>.debug_info</name>
         <load_address>0x879e</load_address>
         <run_address>0x879e</run_address>
         <size>0x21d</size>
         <input_file_ref idref="fl-f"/>
      </object_component>
      <object_component id="oc-4f1">
         <name>.debug_info</name>
         <load_address>0x89bb</load_address>
         <run_address>0x89bb</run_address>
         <size>0x1c3</size>
         <input_file_ref idref="fl-f"/>
      </object_component>
      <object_component id="oc-503">
         <name>.debug_info</name>
         <load_address>0x8b7e</load_address>
         <run_address>0x8b7e</run_address>
         <size>0x1eb</size>
         <input_file_ref idref="fl-f"/>
      </object_component>
      <object_component id="oc-509">
         <name>.debug_info</name>
         <load_address>0x8d69</load_address>
         <run_address>0x8d69</run_address>
         <size>0x183</size>
         <input_file_ref idref="fl-f"/>
      </object_component>
      <object_component id="oc-4d9">
         <name>.debug_info</name>
         <load_address>0x8eec</load_address>
         <run_address>0x8eec</run_address>
         <size>0x1c1</size>
         <input_file_ref idref="fl-f"/>
      </object_component>
      <object_component id="oc-4eb">
         <name>.debug_info</name>
         <load_address>0x90ad</load_address>
         <run_address>0x90ad</run_address>
         <size>0x180</size>
         <input_file_ref idref="fl-f"/>
      </object_component>
      <object_component id="oc-4f7">
         <name>.debug_info</name>
         <load_address>0x922d</load_address>
         <run_address>0x922d</run_address>
         <size>0x17c</size>
         <input_file_ref idref="fl-f"/>
      </object_component>
      <object_component id="oc-3d9">
         <name>.debug_info</name>
         <load_address>0x93a9</load_address>
         <run_address>0x93a9</run_address>
         <size>0x14b</size>
         <input_file_ref idref="fl-11"/>
      </object_component>
      <object_component id="oc-539">
         <name>.debug_info</name>
         <load_address>0x94f4</load_address>
         <run_address>0x94f4</run_address>
         <size>0x176</size>
         <input_file_ref idref="fl-17"/>
      </object_component>
      <object_component id="oc-30f">
         <name>.debug_info</name>
         <load_address>0x966a</load_address>
         <run_address>0x966a</run_address>
         <size>0x194</size>
         <input_file_ref idref="fl-17"/>
      </object_component>
      <object_component id="oc-324">
         <name>.debug_info</name>
         <load_address>0x97fe</load_address>
         <run_address>0x97fe</run_address>
         <size>0x1d7</size>
         <input_file_ref idref="fl-17"/>
      </object_component>
      <object_component id="oc-406">
         <name>.debug_info</name>
         <load_address>0x99d5</load_address>
         <run_address>0x99d5</run_address>
         <size>0x1c4</size>
         <input_file_ref idref="fl-17"/>
      </object_component>
      <object_component id="oc-46a">
         <name>.debug_info</name>
         <load_address>0x9b99</load_address>
         <run_address>0x9b99</run_address>
         <size>0x1c3</size>
         <input_file_ref idref="fl-17"/>
      </object_component>
      <object_component id="oc-315">
         <name>.debug_info</name>
         <load_address>0x9d5c</load_address>
         <run_address>0x9d5c</run_address>
         <size>0x1eb</size>
         <input_file_ref idref="fl-17"/>
      </object_component>
      <object_component id="oc-3af">
         <name>.debug_info</name>
         <load_address>0x9f47</load_address>
         <run_address>0x9f47</run_address>
         <size>0x1a8</size>
         <input_file_ref idref="fl-1a"/>
      </object_component>
      <object_component id="oc-5aa">
         <name>.debug_info</name>
         <load_address>0xa0ef</load_address>
         <run_address>0xa0ef</run_address>
         <size>0x138</size>
         <input_file_ref idref="fl-35"/>
      </object_component>
      <object_component id="oc-5f0">
         <name>.debug_info</name>
         <load_address>0xa227</load_address>
         <run_address>0xa227</run_address>
         <size>0x124</size>
         <input_file_ref idref="fl-36"/>
      </object_component>
      <object_component id="oc-3eb">
         <name>.debug_info</name>
         <load_address>0xa34b</load_address>
         <run_address>0xa34b</run_address>
         <size>0x124</size>
         <input_file_ref idref="fl-39"/>
      </object_component>
      <object_component id="oc-3e6">
         <name>.debug_info</name>
         <load_address>0xa46f</load_address>
         <run_address>0xa46f</run_address>
         <size>0x12d</size>
         <input_file_ref idref="fl-3a"/>
      </object_component>
      <object_component id="oc-3f0">
         <name>.debug_info</name>
         <load_address>0xa59c</load_address>
         <run_address>0xa59c</run_address>
         <size>0x138</size>
         <input_file_ref idref="fl-3b"/>
      </object_component>
      <object_component id="oc-298">
         <name>.debug_info</name>
         <load_address>0xa6d4</load_address>
         <run_address>0xa6d4</run_address>
         <size>0x112</size>
         <input_file_ref idref="fl-47"/>
      </object_component>
      <object_component id="oc-57b">
         <name>.debug_info</name>
         <load_address>0xa7e6</load_address>
         <run_address>0xa7e6</run_address>
         <size>0x123</size>
         <input_file_ref idref="fl-48"/>
      </object_component>
      <object_component id="oc-58e">
         <name>.debug_info</name>
         <load_address>0xa909</load_address>
         <run_address>0xa909</run_address>
         <size>0x123</size>
         <input_file_ref idref="fl-49"/>
      </object_component>
      <object_component id="oc-27c">
         <name>.debug_info</name>
         <load_address>0xaa2c</load_address>
         <run_address>0xaa2c</run_address>
         <size>0x100</size>
         <input_file_ref idref="fl-4b"/>
      </object_component>
      <object_component id="oc-2c1">
         <name>.debug_info</name>
         <load_address>0xab2c</load_address>
         <run_address>0xab2c</run_address>
         <size>0x17a</size>
         <input_file_ref idref="fl-4b"/>
      </object_component>
      <object_component id="oc-555">
         <name>.debug_info</name>
         <load_address>0xaca6</load_address>
         <run_address>0xaca6</run_address>
         <size>0x49b</size>
         <input_file_ref idref="fl-4c"/>
      </object_component>
      <object_component id="oc-43f">
         <name>.debug_info</name>
         <load_address>0xb141</load_address>
         <run_address>0xb141</run_address>
         <size>0x230</size>
         <input_file_ref idref="fl-4c"/>
      </object_component>
      <object_component id="oc-5ce">
         <name>.debug_info</name>
         <load_address>0xb371</load_address>
         <run_address>0xb371</run_address>
         <size>0x39</size>
         <input_file_ref idref="fl-4c"/>
      </object_component>
      <object_component id="oc-5df">
         <name>.debug_info</name>
         <load_address>0xb3aa</load_address>
         <run_address>0xb3aa</run_address>
         <size>0x2c</size>
         <input_file_ref idref="fl-4c"/>
      </object_component>
      <object_component id="oc-560">
         <name>.debug_info</name>
         <load_address>0xb3d6</load_address>
         <run_address>0xb3d6</run_address>
         <size>0x2c</size>
         <input_file_ref idref="fl-4c"/>
      </object_component>
      <object_component id="oc-5d3">
         <name>.debug_info</name>
         <load_address>0xb402</load_address>
         <run_address>0xb402</run_address>
         <size>0xcd</size>
         <input_file_ref idref="fl-4c"/>
      </object_component>
      <object_component id="oc-361">
         <name>.debug_info</name>
         <load_address>0xb4cf</load_address>
         <run_address>0xb4cf</run_address>
         <size>0x1c9</size>
         <input_file_ref idref="fl-4d"/>
      </object_component>
      <object_component id="oc-2af">
         <name>.debug_info</name>
         <load_address>0xb698</load_address>
         <run_address>0xb698</run_address>
         <size>0x1d7</size>
         <input_file_ref idref="fl-4d"/>
      </object_component>
      <object_component id="oc-35c">
         <name>.debug_info</name>
         <load_address>0xb86f</load_address>
         <run_address>0xb86f</run_address>
         <size>0x46</size>
         <input_file_ref idref="fl-4d"/>
      </object_component>
      <object_component id="oc-365">
         <name>.debug_info</name>
         <load_address>0xb8b5</load_address>
         <run_address>0xb8b5</run_address>
         <size>0x153</size>
         <input_file_ref idref="fl-50"/>
      </object_component>
      <object_component id="oc-54f">
         <name>.debug_info</name>
         <load_address>0xba08</load_address>
         <run_address>0xba08</run_address>
         <size>0x150</size>
         <input_file_ref idref="fl-51"/>
      </object_component>
      <object_component id="oc-296">
         <name>.debug_info</name>
         <load_address>0xbb58</load_address>
         <run_address>0xbb58</run_address>
         <size>0x18f</size>
         <input_file_ref idref="fl-52"/>
      </object_component>
      <object_component id="oc-6c">
         <name>.debug_info</name>
         <load_address>0xbce7</load_address>
         <run_address>0xbce7</run_address>
         <size>0x1d3</size>
         <input_file_ref idref="fl-52"/>
      </object_component>
      <object_component id="oc-291">
         <name>.debug_info</name>
         <load_address>0xbeba</load_address>
         <run_address>0xbeba</run_address>
         <size>0x46</size>
         <input_file_ref idref="fl-52"/>
      </object_component>
      <object_component id="oc-2f1">
         <name>.debug_info</name>
         <load_address>0xbf00</load_address>
         <run_address>0xbf00</run_address>
         <size>0x17b</size>
         <input_file_ref idref="fl-53"/>
      </object_component>
      <object_component id="oc-66">
         <name>.debug_info</name>
         <load_address>0xc07b</load_address>
         <run_address>0xc07b</run_address>
         <size>0x250</size>
         <input_file_ref idref="fl-53"/>
      </object_component>
      <object_component id="oc-280">
         <name>.debug_info</name>
         <load_address>0xc2cb</load_address>
         <run_address>0xc2cb</run_address>
         <size>0x60</size>
         <input_file_ref idref="fl-53"/>
      </object_component>
      <object_component id="oc-385">
         <name>.debug_info</name>
         <load_address>0xc32b</load_address>
         <run_address>0xc32b</run_address>
         <size>0x46</size>
         <input_file_ref idref="fl-53"/>
      </object_component>
      <object_component id="oc-2ec">
         <name>.debug_info</name>
         <load_address>0xc371</load_address>
         <run_address>0xc371</run_address>
         <size>0x39</size>
         <input_file_ref idref="fl-53"/>
      </object_component>
      <object_component id="oc-41c">
         <name>.debug_info</name>
         <load_address>0xc3aa</load_address>
         <run_address>0xc3aa</run_address>
         <size>0x122</size>
         <input_file_ref idref="fl-54"/>
      </object_component>
      <object_component id="oc-2f3">
         <name>.debug_info</name>
         <load_address>0xc4cc</load_address>
         <run_address>0xc4cc</run_address>
         <size>0x19a</size>
         <input_file_ref idref="fl-57"/>
      </object_component>
      <object_component id="oc-28e">
         <name>.debug_info</name>
         <load_address>0xc666</load_address>
         <run_address>0xc666</run_address>
         <size>0x17a</size>
         <input_file_ref idref="fl-57"/>
      </object_component>
      <object_component id="oc-5a6">
         <name>.debug_info</name>
         <load_address>0xc7e0</load_address>
         <run_address>0xc7e0</run_address>
         <size>0x167</size>
         <input_file_ref idref="fl-58"/>
      </object_component>
      <object_component id="oc-518">
         <name>.debug_info</name>
         <load_address>0xc947</load_address>
         <run_address>0xc947</run_address>
         <size>0x236</size>
         <input_file_ref idref="fl-58"/>
      </object_component>
      <object_component id="oc-674">
         <name>.debug_info</name>
         <load_address>0xcb7d</load_address>
         <run_address>0xcb7d</run_address>
         <size>0x9c</size>
      </object_component>
      <object_component id="oc-52b">
         <name>.debug_line</name>
         <load_address>0x0</load_address>
         <run_address>0x0</run_address>
         <size>0xf8</size>
         <input_file_ref idref="fl-2"/>
      </object_component>
      <object_component id="oc-5f8">
         <name>.debug_line</name>
         <load_address>0xf8</load_address>
         <run_address>0xf8</run_address>
         <size>0x30</size>
         <input_file_ref idref="fl-2"/>
      </object_component>
      <object_component id="oc-5f6">
         <name>.debug_line</name>
         <load_address>0x128</load_address>
         <run_address>0x128</run_address>
         <size>0x30</size>
         <input_file_ref idref="fl-2"/>
      </object_component>
      <object_component id="oc-59a">
         <name>.debug_line</name>
         <load_address>0x158</load_address>
         <run_address>0x158</run_address>
         <size>0x30</size>
         <input_file_ref idref="fl-2"/>
      </object_component>
      <object_component id="oc-5a8">
         <name>.debug_line</name>
         <load_address>0x188</load_address>
         <run_address>0x188</run_address>
         <size>0x30</size>
         <input_file_ref idref="fl-2"/>
      </object_component>
      <object_component id="oc-523">
         <name>.debug_line</name>
         <load_address>0x1b8</load_address>
         <run_address>0x1b8</run_address>
         <size>0x4a</size>
         <input_file_ref idref="fl-2"/>
      </object_component>
      <object_component id="oc-410">
         <name>.debug_line</name>
         <load_address>0x202</load_address>
         <run_address>0x202</run_address>
         <size>0x49</size>
         <input_file_ref idref="fl-2"/>
      </object_component>
      <object_component id="oc-3e4">
         <name>.debug_line</name>
         <load_address>0x24b</load_address>
         <run_address>0x24b</run_address>
         <size>0x80</size>
         <input_file_ref idref="fl-2"/>
      </object_component>
      <object_component id="oc-3d7">
         <name>.debug_line</name>
         <load_address>0x2cb</load_address>
         <run_address>0x2cb</run_address>
         <size>0x5f</size>
         <input_file_ref idref="fl-2"/>
      </object_component>
      <object_component id="oc-52f">
         <name>.debug_line</name>
         <load_address>0x32a</load_address>
         <run_address>0x32a</run_address>
         <size>0x6c</size>
         <input_file_ref idref="fl-2"/>
      </object_component>
      <object_component id="oc-4cd">
         <name>.debug_line</name>
         <load_address>0x396</load_address>
         <run_address>0x396</run_address>
         <size>0x74</size>
         <input_file_ref idref="fl-2"/>
      </object_component>
      <object_component id="oc-512">
         <name>.debug_line</name>
         <load_address>0x40a</load_address>
         <run_address>0x40a</run_address>
         <size>0x6d</size>
         <input_file_ref idref="fl-2"/>
      </object_component>
      <object_component id="oc-534">
         <name>.debug_line</name>
         <load_address>0x477</load_address>
         <run_address>0x477</run_address>
         <size>0x6f</size>
         <input_file_ref idref="fl-2"/>
      </object_component>
      <object_component id="oc-391">
         <name>.debug_line</name>
         <load_address>0x4e6</load_address>
         <run_address>0x4e6</run_address>
         <size>0x20</size>
         <input_file_ref idref="fl-2"/>
      </object_component>
      <object_component id="oc-3a2">
         <name>.debug_line</name>
         <load_address>0x506</load_address>
         <run_address>0x506</run_address>
         <size>0x70</size>
         <input_file_ref idref="fl-2"/>
      </object_component>
      <object_component id="oc-32d">
         <name>.debug_line</name>
         <load_address>0x576</load_address>
         <run_address>0x576</run_address>
         <size>0x6d</size>
         <input_file_ref idref="fl-2"/>
      </object_component>
      <object_component id="oc-2f7">
         <name>.debug_line</name>
         <load_address>0x5e3</load_address>
         <run_address>0x5e3</run_address>
         <size>0x68</size>
         <input_file_ref idref="fl-2"/>
      </object_component>
      <object_component id="oc-537">
         <name>.debug_line</name>
         <load_address>0x64b</load_address>
         <run_address>0x64b</run_address>
         <size>0x259</size>
         <input_file_ref idref="fl-3"/>
      </object_component>
      <object_component id="oc-39c">
         <name>.debug_line</name>
         <load_address>0x8a4</load_address>
         <run_address>0x8a4</run_address>
         <size>0x2d</size>
         <input_file_ref idref="fl-3"/>
      </object_component>
      <object_component id="oc-588">
         <name>.debug_line</name>
         <load_address>0x8d1</load_address>
         <run_address>0x8d1</run_address>
         <size>0x2d</size>
         <input_file_ref idref="fl-3"/>
      </object_component>
      <object_component id="oc-3b8">
         <name>.debug_line</name>
         <load_address>0x8fe</load_address>
         <run_address>0x8fe</run_address>
         <size>0x55</size>
         <input_file_ref idref="fl-3"/>
      </object_component>
      <object_component id="oc-3be">
         <name>.debug_line</name>
         <load_address>0x953</load_address>
         <run_address>0x953</run_address>
         <size>0x55</size>
         <input_file_ref idref="fl-3"/>
      </object_component>
      <object_component id="oc-3c4">
         <name>.debug_line</name>
         <load_address>0x9a8</load_address>
         <run_address>0x9a8</run_address>
         <size>0x49</size>
         <input_file_ref idref="fl-3"/>
      </object_component>
      <object_component id="oc-3ca">
         <name>.debug_line</name>
         <load_address>0x9f1</load_address>
         <run_address>0x9f1</run_address>
         <size>0x48</size>
         <input_file_ref idref="fl-3"/>
      </object_component>
      <object_component id="oc-3d0">
         <name>.debug_line</name>
         <load_address>0xa39</load_address>
         <run_address>0xa39</run_address>
         <size>0x58</size>
         <input_file_ref idref="fl-3"/>
      </object_component>
      <object_component id="oc-36d">
         <name>.debug_line</name>
         <load_address>0xa91</load_address>
         <run_address>0xa91</run_address>
         <size>0xe8</size>
         <input_file_ref idref="fl-3"/>
[...]
      <symbol id="sm-1ea">
         <name>UCB0ADDRX_L</name>
         <value>0x55c</value>
      </symbol>
      <symbol id="sm-1eb">
         <name>UCB0ADDRX_H</name>
         <value>0x55d</value>
      </symbol>
      <symbol id="sm-1ec">
         <name>UCB0ADDMASK</name>
         <value>0x55e</value>
      </symbol>
      <symbol id="sm-1ed">
         <name>UCB0ADDMASK_L</name>
         <value>0x55e</value>
      </symbol>
      <symbol id="sm-1ee">
         <name>UCB0ADDMASK_H</name>
         <value>0x55f</value>
      </symbol>
      <symbol id="sm-1ef">
         <name>UCB0I2CSA</name>
         <value>0x560</value>
      </symbol>
      <symbol id="sm-1f0">
         <name>UCB0I2CSA_L</name>
         <value>0x560</value>
      </symbol>
      <symbol id="sm-1f1">
         <name>UCB0I2CSA_H</name>
         <value>0x561</value>
      </symbol>
      <symbol id="sm-1f2">
         <name>UCB0IE</name>
         <value>0x56a</value>
      </symbol>
      <symbol id="sm-1f3">
         <name>UCB0IE_L</name>
         <value>0x56a</value>
      </symbol>
      <symbol id="sm-1f4">
         <name>UCB0IE_H</name>
         <value>0x56b</value>
      </symbol>
      <symbol id="sm-1f5">
         <name>UCB0IFG</name>
         <value>0x56c</value>
      </symbol>
      <symbol id="sm-1f6">
         <name>UCB0IFG_L</name>
         <value>0x56c</value>
      </symbol>
      <symbol id="sm-1f7">
         <name>UCB0IFG_H</name>
         <value>0x56d</value>
      </symbol>
      <symbol id="sm-1f8">
         <name>UCB0IV</name>
         <value>0x56e</value>
      </symbol>
      <symbol id="sm-1f9">
         <name>WDTCTL</name>
         <value>0x1cc</value>
      </symbol>
      <symbol id="sm-1fa">
         <name>WDTCTL_L</name>
         <value>0x1cc</value>
      </symbol>
      <symbol id="sm-1fb">
         <name>WDTCTL_H</name>
         <value>0x1cd</value>
      </symbol>
      <symbol id="sm-1fc">
         <name>__TI_CINIT_Base</name>
         <value>0xc41a</value>
      </symbol>
      <symbol id="sm-1fd">
         <name>__TI_CINIT_Limit</name>
         <value>0xc42a</value>
      </symbol>
      <symbol id="sm-1fe">
         <name>__TI_Handler_Table_Base</name>
         <value>0xc400</value>
      </symbol>
      <symbol id="sm-1ff">
         <name>__TI_Handler_Table_Limit</name>
         <value>0xc40c</value>
      </symbol>
      <symbol id="sm-200">
         <name>__STACK_SIZE</name>
         <value>0xa0</value>
      </symbol>
      <symbol id="sm-201">
         <name>__STACK_END</name>
         <value>0x2800</value>
      </symbol>
      <symbol id="sm-202">
         <name>__c_args__</name>
         <value>0xffffffff</value>
      </symbol>
      <symbol id="sm-203">
         <name>__TI_pprof_out_hndl</name>
         <value>0xffffffff</value>
      </symbol>
      <symbol id="sm-204">
         <name>__TI_prof_data_start</name>
         <value>0xffffffff</value>
      </symbol>
      <symbol id="sm-205">
         <name>__TI_prof_data_size</name>
         <value>0xffffffff</value>
      </symbol>
      <symbol id="sm-2ca">
         <name>param1</name>
         <value>0x200e</value>
      </symbol>
      <symbol id="sm-2cb">
         <name>param2</name>
         <value>0x2000</value>
      </symbol>
      <symbol id="sm-2cc">
         <name>displayScrollText</name>
         <value>0xc6d4</value>
         <object_component_ref idref="oc-3df"/>
      </symbol>
      <symbol id="sm-2cd">
         <name>showChar</name>
         <value>0xcd4c</value>
         <object_component_ref idref="oc-51e"/>
      </symbol>
      <symbol id="sm-2ce">
         <name>Init_LCD</name>
         <value>0xc894</value>
         <object_component_ref idref="oc-3d2"/>
      </symbol>
      <symbol id="sm-2cf">
         <name>showHex</name>
         <value>0xd144</value>
         <object_component_ref idref="oc-40b"/>
      </symbol>
      <symbol id="sm-2d0">
         <name>alphabetBig</name>
         <value>0xc42a</value>
         <object_component_ref idref="oc-5ae"/>
      </symbol>
      <symbol id="sm-2d1">
         <name>digit</name>
         <value>0xc47a</value>
         <object_component_ref idref="oc-5b1"/>
      </symbol>
      <symbol id="sm-338">
         <name>ADC_ISR</name>
         <value>0xd362</value>
         <object_component_ref idref="oc-2a2"/>
      </symbol>
      <symbol id="sm-339">
         <name>Init_ADC</name>
         <value>0xd09c</value>
         <object_component_ref idref="oc-3c0"/>
      </symbol>
      <symbol id="sm-33a">
         <name>Init_GPIO</name>
         <value>0xc966</value>
         <object_component_ref idref="oc-3b4"/>
      </symbol>
      <symbol id="sm-33b">
         <name>__TI_int48</name>
         <value>0xffe8</value>
         <object_component_ref idref="oc-73"/>
      </symbol>
      <symbol id="sm-33c">
         <name>__TI_int46</name>
         <value>0xffe4</value>
         <object_component_ref idref="oc-71"/>
      </symbol>
      <symbol id="sm-33d">
         <name>isRunning</name>
         <value>0x201e</value>
         <object_component_ref idref="oc-31a"/>
      </symbol>
      <symbol id="sm-33e">
         <name>__TI_int50</name>
         <value>0xffec</value>
         <object_component_ref idref="oc-75"/>
      </symbol>
      <symbol id="sm-33f">
         <name>range</name>
         <value>0x2022</value>
         <object_component_ref idref="oc-31a"/>
      </symbol>
      <symbol id="sm-340">
         <name>Init_Clock</name>
         <value>0xd2ba</value>
         <object_component_ref idref="oc-3c6"/>
      </symbol>
      <symbol id="sm-341">
         <name>main</name>
         <value>0xc4b6</value>
         <object_component_ref idref="oc-369"/>
      </symbol>
      <symbol id="sm-342">
         <name>GPIO_ISR</name>
         <value>0xce52</value>
         <object_component_ref idref="oc-29c"/>
      </symbol>
      <symbol id="sm-343">
         <name>ADCResult</name>
         <value>0x201c</value>
         <object_component_ref idref="oc-31a"/>
      </symbol>
      <symbol id="sm-344">
         <name>ADCState</name>
         <value>0x201a</value>
         <object_component_ref idref="oc-31a"/>
      </symbol>
      <symbol id="sm-345">
         <name>EUSCIA0_ISR</name>
         <value>0xd3c8</value>
         <object_component_ref idref="oc-2a8"/>
      </symbol>
      <symbol id="sm-346">
         <name>Init_UART</name>
         <value>0xcdd2</value>
         <object_component_ref idref="oc-3cc"/>
      </symbol>
      <symbol id="sm-347">
         <name>Init_US</name>
         <value>0xcafa</value>
         <object_component_ref idref="oc-3ba"/>
      </symbol>
      <symbol id="sm-348">
         <name>time</name>
         <value>0x2020</value>
         <object_component_ref idref="oc-31a"/>
      </symbol>
      <symbol id="sm-38b">
         <name>ADC_setupSamplingTimer</name>
         <value>0xd68c</value>
         <object_component_ref idref="oc-48e"/>
      </symbol>
      <symbol id="sm-38c">
         <name>ADC_configureMemory</name>
         <value>0xd32e</value>
         <object_component_ref idref="oc-494"/>
      </symbol>
      <symbol id="sm-38d">
         <name>ADC_enableInterrupt</name>
         <value>0xd77e</value>
         <object_component_ref idref="oc-49a"/>
      </symbol>
      <symbol id="sm-38e">
         <name>ADC_startConversion</name>
         <value>0xd55a</value>
         <object_component_ref idref="oc-411"/>
      </symbol>
      <symbol id="sm-38f">
         <name>ADC_getInterruptStatus</name>
         <value>0xd7c6</value>
         <object_component_ref idref="oc-32f"/>
      </symbol>
      <symbol id="sm-390">
         <name>ADC_init</name>
         <value>0xd232</value>
         <object_component_ref idref="oc-482"/>
      </symbol>
      <symbol id="sm-391">
         <name>ADC_getResults</name>
         <value>0xd7f6</value>
         <object_component_ref idref="oc-33b"/>
      </symbol>
      <symbol id="sm-392">
         <name>ADC_enable</name>
         <value>0xd7ee</value>
         <object_component_ref idref="oc-488"/>
      </symbol>
      <symbol id="sm-393">
         <name>ADC_clearInterrupt</name>
         <value>0xd772</value>
         <object_component_ref idref="oc-335"/>
      </symbol>
      <symbol id="sm-3c2">
         <name>CS_setExternalClockSource</name>
         <value>0xd756</value>
         <object_component_ref idref="oc-4a1"/>
      </symbol>
      <symbol id="sm-3c3">
         <name>CS_turnOnXT1LF</name>
         <value>0xd42c</value>
         <object_component_ref idref="oc-4ad"/>
      </symbol>
      <symbol id="sm-3c4">
         <name>CS_initClockSignal</name>
         <value>0xca32</value>
         <object_component_ref idref="oc-4a7"/>
      </symbol>
      <symbol id="sm-403">
         <name>EUSCI_A_UART_enableInterrupt</name>
         <value>0xd57c</value>
         <object_component_ref idref="oc-4c3"/>
      </symbol>
      <symbol id="sm-404">
         <name>EUSCI_A_UART_init</name>
         <value>0xcb98</value>
         <object_component_ref idref="oc-4b7"/>
      </symbol>
      <symbol id="sm-405">
         <name>EUSCI_A_UART_enable</name>
         <value>0xd816</value>
         <object_component_ref idref="oc-4bd"/>
      </symbol>
      <symbol id="sm-406">
         <name>EUSCI_A_UART_receiveData</name>
         <value>0xd5c0</value>
         <object_component_ref idref="oc-34e"/>
      </symbol>
      <symbol id="sm-407">
         <name>EUSCI_A_UART_getInterruptStatus</name>
         <value>0xd7d0</value>
         <object_component_ref idref="oc-342"/>
      </symbol>
      <symbol id="sm-408">
         <name>EUSCI_A_UART_clearInterrupt</name>
         <value>0xd78a</value>
         <object_component_ref idref="oc-348"/>
      </symbol>
      <symbol id="sm-409">
         <name>EUSCI_A_UART_transmitData</name>
         <value>0xd59e</value>
         <object_component_ref idref="oc-354"/>
      </symbol>
      <symbol id="sm-47a">
         <name>GPIO_clearInterrupt</name>
         <value>0xd5e0</value>
         <object_component_ref idref="oc-302"/>
      </symbol>
      <symbol id="sm-47b">
         <name>GPIO_setOutputHighOnPin</name>
         <value>0xd638</value>
         <object_component_ref idref="oc-3f4"/>
      </symbol>
      <symbol id="sm-47c">
         <name>GPIO_selectInterruptEdge</name>
         <value>0xd48c</value>
         <object_component_ref idref="oc-31d"/>
      </symbol>
      <symbol id="sm-47d">
         <name>GPIO_setAsInputPinWithPullUpResistor</name>
         <value>0xd27c</value>
         <object_component_ref idref="oc-461"/>
      </symbol>
      <symbol id="sm-47e">
         <name>GPIO_getInterruptStatus</name>
         <value>0xd45c</value>
         <object_component_ref idref="oc-2fc"/>
      </symbol>
      <symbol id="sm-47f">
         <name>GPIO_enableInterrupt</name>
         <value>0xd5fe</value>
         <object_component_ref idref="oc-47b"/>
      </symbol>
      <symbol id="sm-480">
         <name>GPIO_setAsOutputPin</name>
         <value>0xd4e6</value>
         <object_component_ref idref="oc-45b"/>
      </symbol>
      <symbol id="sm-481">
         <name>GPIO_setOutputLowOnPin</name>
         <value>0xd654</value>
         <object_component_ref idref="oc-3fa"/>
      </symbol>
      <symbol id="sm-482">
         <name>GPIO_setAsPeripheralModuleFunctionOutputPin</name>
         <value>0xd1e4</value>
         <object_component_ref idref="oc-46f"/>
      </symbol>
      <symbol id="sm-483">
         <name>GPIO_getInputPinValue</name>
         <value>0xd61c</value>
         <object_component_ref idref="oc-308"/>
      </symbol>
      <symbol id="sm-484">
         <name>GPIO_setAsPeripheralModuleFunctionInputPin</name>
         <value>0xd196</value>
         <object_component_ref idref="oc-475"/>
      </symbol>
      <symbol id="sm-4e5">
         <name>LCD_E_clearAllMemory</name>
         <value>0xd796</value>
         <object_component_ref idref="oc-4f6"/>
      </symbol>
      <symbol id="sm-4e6">
         <name>LCD_E_on</name>
         <value>0xd7ae</value>
         <object_component_ref idref="oc-508"/>
      </symbol>
      <symbol id="sm-4e7">
         <name>LCD_E_setPinAsCOM</name>
         <value>0xc7ba</value>
         <object_component_ref idref="oc-4fc"/>
      </symbol>
      <symbol id="sm-4e8">
         <name>LCD_E_setVLCDSource</name>
         <value>0xd6a6</value>
         <object_component_ref idref="oc-4de"/>
      </symbol>
      <symbol id="sm-4e9">
         <name>LCD_E_selectDisplayMemory</name>
         <value>0xd6c0</value>
         <object_component_ref idref="oc-502"/>
      </symbol>
      <symbol id="sm-4ea">
         <name>LCD_E_setChargePumpFreq</name>
         <value>0xd6d8</value>
         <object_component_ref idref="oc-4f0"/>
      </symbol>
      <symbol id="sm-4eb">
         <name>LCD_E_init</name>
         <value>0xd50e</value>
         <object_component_ref idref="oc-4d8"/>
      </symbol>
      <symbol id="sm-4ec">
         <name>LCD_E_enableChargePump</name>
         <value>0xd7a2</value>
         <object_component_ref idref="oc-4ea"/>
      </symbol>
      <symbol id="sm-4ed">
         <name>LCD_E_setVLCDVoltage</name>
         <value>0xd6ee</value>
         <object_component_ref idref="oc-4e4"/>
      </symbol>
      <symbol id="sm-4ee">
         <name>LCD_E_setPinAsLCDFunctionEx</name>
         <value>0xccc2</value>
         <object_component_ref idref="oc-4cf"/>
      </symbol>
      <symbol id="sm-4f8">
         <name>PMM_unlockLPM5</name>
         <value>0xd7fe</value>
         <object_component_ref idref="oc-3d8"/>
      </symbol>
      <symbol id="sm-52c">
         <name>Timer_A_outputPWM</name>
         <value>0xcfc2</value>
         <object_component_ref idref="oc-405"/>
      </symbol>
      <symbol id="sm-52d">
         <name>Timer_A_getCounterValue</name>
         <value>0xd396</value>
         <object_component_ref idref="oc-314"/>
      </symbol>
      <symbol id="sm-52e">
         <name>Timer_A_initUpMode</name>
         <value>0xced0</value>
         <object_component_ref idref="oc-469"/>
      </symbol>
      <symbol id="sm-52f">
         <name>Timer_A_startCounter</name>
         <value>0xd7ba</value>
         <object_component_ref idref="oc-323"/>
      </symbol>
      <symbol id="sm-530">
         <name>Timer_A_stop</name>
         <value>0xd806</value>
         <object_component_ref idref="oc-30e"/>
      </symbol>
      <symbol id="sm-53b">
         <name>WDT_A_hold</name>
         <value>0xd704</value>
         <object_component_ref idref="oc-3ae"/>
      </symbol>
      <symbol id="sm-547">
         <name>__mspabi_remi</name>
         <value>0xd4ba</value>
         <object_component_ref idref="oc-5a9"/>
      </symbol>
      <symbol id="sm-548">
         <name>__mspabi_divi</name>
         <value>0xd4ba</value>
         <object_component_ref idref="oc-5a9"/>
      </symbol>
      <symbol id="sm-552">
         <name>__mspabi_remu</name>
         <value>0xd71a</value>
         <object_component_ref idref="oc-5ef"/>
      </symbol>
      <symbol id="sm-553">
         <name>__mspabi_divu</name>
         <value>0xd71a</value>
         <object_component_ref idref="oc-5ef"/>
      </symbol>
      <symbol id="sm-567">
         <name>__mspabi_divf</name>
         <value>0xcc32</value>
         <object_component_ref idref="oc-3ea"/>
      </symbol>
      <symbol id="sm-574">
         <name>__mspabi_fltif</name>
         <value>0xd2f8</value>
         <object_component_ref idref="oc-3e5"/>
      </symbol>
      <symbol id="sm-586">
         <name>__mspabi_fixfi</name>
         <value>0xd034</value>
         <object_component_ref idref="oc-3ef"/>
      </symbol>
      <symbol id="sm-589">
         <name>__TI_int45</name>
         <value>0xffe2</value>
         <object_component_ref idref="oc-70"/>
      </symbol>
      <symbol id="sm-58c">
         <name>__TI_int47</name>
         <value>0xffe6</value>
         <object_component_ref idref="oc-72"/>
      </symbol>
      <symbol id="sm-58f">
         <name>__TI_int49</name>
         <value>0xffea</value>
         <object_component_ref idref="oc-74"/>
      </symbol>
      <symbol id="sm-592">
         <name>__TI_int51</name>
         <value>0xffee</value>
         <object_component_ref idref="oc-76"/>
      </symbol>
      <symbol id="sm-595">
         <name>__TI_int52</name>
         <value>0xfff0</value>
         <object_component_ref idref="oc-77"/>
      </symbol>
      <symbol id="sm-598">
         <name>__TI_int53</name>
         <value>0xfff2</value>
         <object_component_ref idref="oc-78"/>
      </symbol>
      <symbol id="sm-59b">
         <name>__TI_int54</name>
         <value>0xfff4</value>
         <object_component_ref idref="oc-79"/>
      </symbol>
      <symbol id="sm-59e">
         <name>__TI_int55</name>
         <value>0xfff6</value>
         <object_component_ref idref="oc-7a"/>
      </symbol>
      <symbol id="sm-5a1">
         <name>__TI_int56</name>
         <value>0xfff8</value>
         <object_component_ref idref="oc-7b"/>
      </symbol>
      <symbol id="sm-5a4">
         <name>__TI_int57</name>
         <value>0xfffa</value>
         <object_component_ref idref="oc-7c"/>
      </symbol>
      <symbol id="sm-5a7">
         <name>__TI_int58</name>
         <value>0xfffc</value>
         <object_component_ref idref="oc-7d"/>
      </symbol>
      <symbol id="sm-5af">
         <name>__TI_ISR_TRAP</name>
         <value>0xd80e</value>
         <object_component_ref idref="oc-297"/>
      </symbol>
      <symbol id="sm-5b8">
         <name>__mspabi_slli</name>
         <value>0xd7da</value>
         <object_component_ref idref="oc-57a"/>
      </symbol>
      <symbol id="sm-5c1">
         <name>__mspabi_srli</name>
         <value>0xd7e4</value>
         <object_component_ref idref="oc-58d"/>
      </symbol>
      <symbol id="sm-5d2">
         <name>_stack</name>
         <value>0x2760</value>
         <object_component_ref idref="oc-27b"/>
      </symbol>
      <symbol id="sm-5d3">
         <name>_c_int00_noargs</name>
         <value>0xd670</value>
         <object_component_ref idref="oc-2c0"/>
      </symbol>
      <symbol id="sm-5d4">
         <name>_reset_vector</name>
         <value>0xfffe</value>
         <object_component_ref idref="oc-27e"/>
      </symbol>
      <symbol id="sm-5f7">
         <name>__TI_auto_init_nobinit_nopinit_hold_wdt</name>
         <value>0xd0f0</value>
         <object_component_ref idref="oc-43c"/>
      </symbol>
      <symbol id="sm-60a">
         <name>__TI_zero_init_nomemset</name>
         <value>0xd536</value>
         <object_component_ref idref="oc-2ae"/>
      </symbol>
      <symbol id="sm-615">
         <name>_system_pre_init</name>
         <value>0xd822</value>
         <object_component_ref idref="oc-363"/>
      </symbol>
      <symbol id="sm-61e">
         <name>_system_post_cinit</name>
         <value>0xd826</value>
         <object_component_ref idref="oc-54e"/>
      </symbol>
      <symbol id="sm-62f">
         <name>__TI_decompress_none</name>
         <value>0xd744</value>
         <object_component_ref idref="oc-6a"/>
      </symbol>
      <symbol id="sm-652">
         <name>__TI_decompress_lzss</name>
         <value>0xcf4c</value>
         <object_component_ref idref="oc-64"/>
      </symbol>
      <symbol id="sm-65c">
         <name>C$$EXIT</name>
         <value>0xd81c</value>
         <object_component_ref idref="oc-418"/>
      </symbol>
      <symbol id="sm-65d">
         <name>abort</name>
         <value>0xd81c</value>
         <object_component_ref idref="oc-418"/>
      </symbol>
      <symbol id="sm-66d">
         <name>memcpy</name>
         <value>0xd730</value>
         <object_component_ref idref="oc-28a"/>
      </symbol>
      <symbol id="sm-67a">
         <name>strlen</name>
         <value>0xd764</value>
         <object_component_ref idref="oc-515"/>
      </symbol>
   </symbol_table>
   <title>Link successful</title>
</link_info>
